<!doctype html public "-//w3c//dtd html 4.0 transitional//en">
<html><head>
<title>Static Call Graph - [.\Objects\ASM_Project.axf]</title></head>
<body><HR>
<H1>Static Call Graph for image .\Objects\ASM_Project.axf</H1><HR>
<BR><P>#&#060CALLGRAPH&#062# ARM Linker, 6160001: Last Updated: Wed Sep 18 13:25:12 2024
<BR><P>
<H3>Maximum Stack Usage =          0 bytes + Unknown(Functions without stacksize, Untraceable Function Pointers)</H3><H3>
Call chain for Maximum Stack Depth:</H3>

<P>
<H3>
Functions with no stack information
</H3><UL>
 <LI><a href="#[0]">START</a>
</UL>
</UL>
<P>
<H3>
Function Pointers
</H3><UL>
 <LI><a href="#[0]">START</a> from sys_clk.o(MYCODE) referenced from sys_clk.o(RESET)
</UL>
<P>
<H3>
Global Symbols
</H3><P>
<H3>
Local Symbols
</H3>
<P><STRONG><a name="[0]"></a>START</STRONG> (Thumb, 0 bytes, Stack size unknown bytes, sys_clk.o(MYCODE))
<BR>[Address Reference Count : 1]<UL><LI> sys_clk.o(RESET)
</UL><P>
<H3>
Undefined Global Symbols
</H3><HR></body></html>
